0 verbose cli C:\Program Files\nodejs\node.exe C:\Program Files\nodejs\node_modules\npm\bin\npm-cli.js
1 info using npm@10.9.3
2 info using node@v22.18.0
3 silly config load:file:C:\Program Files\nodejs\node_modules\npm\npmrc
4 silly config load:file:F:\edumark.edu.np\edumark-frontend\.npmrc
5 silly config load:file:C:\Users\NID VM\.npmrc
6 silly config load:file:C:\Users\NID VM\AppData\Roaming\npm\etc\npmrc
7 verbose title npm install
8 verbose argv "install"
9 verbose logfile logs-max:10 dir:F:\edumark.edu.np\edumark-frontend\.npm-cache\_logs\2026-06-10T10_22_17_906Z-
10 verbose logfile F:\edumark.edu.np\edumark-frontend\.npm-cache\_logs\2026-06-10T10_22_17_906Z-debug-0.log
11 silly logfile done cleaning log files
12 silly packumentCache heap:2197815296 maxSize:549453824 maxEntrySize:274726912
13 silly idealTree buildDeps
14 silly fetch manifest @vitejs/plugin-react@5.0.4
15 silly packumentCache full:https://registry.npmjs.org/@vitejs%2fplugin-react cache-miss
16 http fetch GET 200 https://registry.npmjs.org/@vitejs%2fplugin-react 167ms (cache miss)
17 silly fetch manifest vite@6.4.2
18 silly packumentCache full:https://registry.npmjs.org/vite cache-miss
19 http fetch GET 200 https://registry.npmjs.org/npm 266ms
20 http fetch GET 200 https://registry.npmjs.org/vite 1658ms (cache miss)
21 silly fetch manifest react@19.2.0
22 silly packumentCache full:https://registry.npmjs.org/react cache-miss
23 http fetch GET 200 https://registry.npmjs.org/react 364ms (cache miss)
24 silly fetch manifest react-dom@19.2.0
25 silly packumentCache full:https://registry.npmjs.org/react-dom cache-miss
26 http fetch GET 200 https://registry.npmjs.org/react-dom 659ms (cache miss)
27 silly placeDep ROOT @vitejs/plugin-react@ OK for: edumark-frontend@0.0.0 want: 5.0.4
28 silly placeDep ROOT react@ OK for: edumark-frontend@0.0.0 want: 19.2.0
29 silly placeDep ROOT react-dom@ OK for: edumark-frontend@0.0.0 want: 19.2.0
30 silly placeDep ROOT vite@ OK for: edumark-frontend@0.0.0 want: 6.4.2
31 verbose type system
32 verbose stack FetchError: Invalid response body while trying to fetch https://registry.npmjs.org/@vitejs%2fplugin-react: EPERM: operation not permitted, unlink 'F:\edumark.edu.np\edumark-frontend\.npm-cache\_cacache\tmp\d664eb1a'
32 verbose stack     at C:\Program Files\nodejs\node_modules\npm\node_modules\minipass-fetch\lib\body.js:170:15
32 verbose stack     at async Response.json (C:\Program Files\nodejs\node_modules\npm\node_modules\minipass-fetch\lib\body.js:75:17)
32 verbose stack     at async RegistryFetcher.packument (C:\Program Files\nodejs\node_modules\npm\node_modules\pacote\lib\registry.js:98:25)
32 verbose stack     at async RegistryFetcher.manifest (C:\Program Files\nodejs\node_modules\npm\node_modules\pacote\lib\registry.js:128:23)
32 verbose stack     at async #fetchManifest (C:\Program Files\nodejs\node_modules\npm\node_modules\@npmcli\arborist\lib\arborist\build-ideal-tree.js:1202:20)
32 verbose stack     at async #nodeFromEdge (C:\Program Files\nodejs\node_modules\npm\node_modules\@npmcli\arborist\lib\arborist\build-ideal-tree.js:1040:19)
32 verbose stack     at async #buildDepStep (C:\Program Files\nodejs\node_modules\npm\node_modules\@npmcli\arborist\lib\arborist\build-ideal-tree.js:904:11)
32 verbose stack     at async Arborist.buildIdealTree (C:\Program Files\nodejs\node_modules\npm\node_modules\@npmcli\arborist\lib\arborist\build-ideal-tree.js:181:7)
32 verbose stack     at async Promise.all (index 1)
32 verbose stack     at async Arborist.reify (C:\Program Files\nodejs\node_modules\npm\node_modules\@npmcli\arborist\lib\arborist\reify.js:131:5)
33 error code EPERM
34 error syscall unlink
35 error path F:\edumark.edu.np\edumark-frontend\.npm-cache\_cacache\tmp\d664eb1a
36 error errno EPERM
37 error FetchError: Invalid response body while trying to fetch https://registry.npmjs.org/@vitejs%2fplugin-react: EPERM: operation not permitted, unlink 'F:\edumark.edu.np\edumark-frontend\.npm-cache\_cacache\tmp\d664eb1a'
37 error     at C:\Program Files\nodejs\node_modules\npm\node_modules\minipass-fetch\lib\body.js:170:15
37 error     at async Response.json (C:\Program Files\nodejs\node_modules\npm\node_modules\minipass-fetch\lib\body.js:75:17)
37 error     at async RegistryFetcher.packument (C:\Program Files\nodejs\node_modules\npm\node_modules\pacote\lib\registry.js:98:25)
37 error     at async RegistryFetcher.manifest (C:\Program Files\nodejs\node_modules\npm\node_modules\pacote\lib\registry.js:128:23)
37 error     at async #fetchManifest (C:\Program Files\nodejs\node_modules\npm\node_modules\@npmcli\arborist\lib\arborist\build-ideal-tree.js:1202:20)
37 error     at async #nodeFromEdge (C:\Program Files\nodejs\node_modules\npm\node_modules\@npmcli\arborist\lib\arborist\build-ideal-tree.js:1040:19)
37 error     at async #buildDepStep (C:\Program Files\nodejs\node_modules\npm\node_modules\@npmcli\arborist\lib\arborist\build-ideal-tree.js:904:11)
37 error     at async Arborist.buildIdealTree (C:\Program Files\nodejs\node_modules\npm\node_modules\@npmcli\arborist\lib\arborist\build-ideal-tree.js:181:7)
37 error     at async Promise.all (index 1)
37 error     at async Arborist.reify (C:\Program Files\nodejs\node_modules\npm\node_modules\@npmcli\arborist\lib\arborist\reify.js:131:5) {
37 error   code: 'EPERM',
37 error   errno: 'EPERM',
37 error   syscall: 'unlink',
37 error   path: 'F:\\edumark.edu.np\\edumark-frontend\\.npm-cache\\_cacache\\tmp\\d664eb1a',
37 error   type: 'system',
37 error   requiredBy: '.'
37 error }
38 error
38 error The operation was rejected by your operating system.
38 error It's possible that the file was already in use (by a text editor or antivirus),
38 error or that you lack permissions to access it.
38 error
38 error If you believe this might be a permissions issue, please double-check the
38 error permissions of the file and its containing directories, or try running
38 error the command again as root/Administrator.
39 silly unfinished npm timer reify 1781086938352
40 silly unfinished npm timer reify:loadTrees 1781086938353
41 verbose cwd F:\edumark.edu.np\edumark-frontend
42 verbose os Windows_NT 10.0.19045
43 verbose node v22.18.0
44 verbose npm  v10.9.3
45 notice
45 notice New major version of npm available! 10.9.3 -> 11.16.0
45 notice Changelog: https://github.com/npm/cli/releases/tag/v11.16.0
45 notice To update run: npm install -g npm@11.16.0
45 notice  { force: true, [Symbol(proc-log.meta)]: true }
46 verbose exit 1
47 verbose code 1
48 error A complete log of this run can be found in: F:\edumark.edu.np\edumark-frontend\.npm-cache\_logs\2026-06-10T10_22_17_906Z-debug-0.log
